---
source: tests/core/spec.rs
assertion_line: 235
expression: formatter
---
schema @server @upstream {
  query: Query
}

type A {
  a: Int
  bc: BC @expr(body: {d: "{{.value.d}}", f: "{{.value.f}}"})
  d: D @modify(omit: true)
}

type Bc {
  d: D
  f: Boolean
}

type D {
  e: Int
}

type Query {
  a: A @http(baseURL: "http://localhost:3000", path: "/a")
}
